{
  "version": "1.5.0",
  "plugins_used": [
    {
      "name": "ArtifactoryDetector"
    },
    {
      "name": "AWSKeyDetector"
    },
    {
      "name": "AzureStorageKeyDetector"
    },
    {
      "name": "Base64HighEntropyString",
      "limit": 4.5
    },
    {
      "name": "BasicAuthDetector"
    },
    {
      "name": "CloudantDetector"
    },
    {
      "name": "DiscordBotTokenDetector"
    },
    {
      "name": "GitHubTokenDetector"
    },
    {
      "name": "GitLabTokenDetector"
    },
    {
      "name": "HexHighEntropyString",
      "limit": 3.0
    },
    {
      "name": "IbmCloudIamDetector"
    },
    {
      "name": "IbmCosHmacDetector"
    },
    {
      "name": "IPPublicDetector"
    },
    {
      "name": "JwtTokenDetector"
    },
    {
      "name": "KeywordDetector",
      "keyword_exclude": ""
    },
    {
      "name": "MailchimpDetector"
    },
    {
      "name": "NpmDetector"
    },
    {
      "name": "OpenAIDetector"
    },
    {
      "name": "PrivateKeyDetector"
    },
    {
      "name": "PypiTokenDetector"
    },
    {
      "name": "SendGridDetector"
    },
    {
      "name": "SlackDetector"
    },
    {
      "name": "SoftlayerDetector"
    },
    {
      "name": "SquareOAuthDetector"
    },
    {
      "name": "StripeDetector"
    },
    {
      "name": "TelegramBotTokenDetector"
    },
    {
      "name": "TwilioKeyDetector"
    }
  ],
  "filters_used": [
    {
      "path": "detect_secrets.filters.allowlist.is_line_allowlisted"
    },
    {
      "path": "detect_secrets.filters.common.is_baseline_file",
      "filename": ".secrets.baseline"
    },
    {
      "path": "detect_secrets.filters.common.is_ignored_due_to_verification_policies",
      "min_level": 2
    },
    {
      "path": "detect_secrets.filters.heuristic.is_indirect_reference"
    },
    {
      "path": "detect_secrets.filters.heuristic.is_likely_id_string"
    },
    {
      "path": "detect_secrets.filters.heuristic.is_lock_file"
    },
    {
      "path": "detect_secrets.filters.heuristic.is_not_alphanumeric_string"
    },
    {
      "path": "detect_secrets.filters.heuristic.is_potential_uuid"
    },
    {
      "path": "detect_secrets.filters.heuristic.is_prefixed_with_dollar_sign"
    },
    {
      "path": "detect_secrets.filters.heuristic.is_sequential_string"
    },
    {
      "path": "detect_secrets.filters.heuristic.is_swagger_file"
    },
    {
      "path": "detect_secrets.filters.heuristic.is_templated_secret"
    }
  ],
  "results": {
    ".env.example": [
      {
        "type": "Basic Auth Credentials",
        "filename": ".env.example",
        "hashed_secret": "b3272311c05de421d1cc7c4f0e531ea6a63b8df5",
        "is_verified": false,
        "line_number": 28
      }
    ],
    ".env.spark.example": [
      {
        "type": "Secret Keyword",
        "filename": ".env.spark.example",
        "hashed_secret": "bc5b3244e5312960dc17265a8b0a858718fb258b",
        "is_verified": false,
        "line_number": 11
      }
    ],
    ".github/workflows/deploy-api.yml": [
      {
        "type": "Secret Keyword",
        "filename": ".github/workflows/deploy-api.yml",
        "hashed_secret": "35011e2bf8bb5b31ce5f8f25d7692cce25302bfb",
        "is_verified": false,
        "line_number": 138
      }
    ],
    "apps/aggregator/datatheftnews.py": [
      {
        "type": "Base64 High Entropy String",
        "filename": "apps/aggregator/datatheftnews.py",
        "hashed_secret": "0e05818ef72ed159fc784bccd5d8978ea7bb1f2e",
        "is_verified": false,
        "line_number": 27
      },
      {
        "type": "Base64 High Entropy String",
        "filename": "apps/aggregator/datatheftnews.py",
        "hashed_secret": "c76372f5ae7f8ae76667ea44f86f2892d458ac26",
        "is_verified": false,
        "line_number": 29
      }
    ],
    "design/redesign/Insider Intel Redesign.html": [
      {
        "type": "Base64 High Entropy String",
        "filename": "design/redesign/Insider Intel Redesign.html",
        "hashed_secret": "15cec270f44d7f4f1751d3f3ba0c59de746d783e",
        "is_verified": false,
        "line_number": 111
      },
      {
        "type": "Base64 High Entropy String",
        "filename": "design/redesign/Insider Intel Redesign.html",
        "hashed_secret": "9d4f0dbeba51b67921005512a26e5e651bedb626",
        "is_verified": false,
        "line_number": 112
      },
      {
        "type": "Base64 High Entropy String",
        "filename": "design/redesign/Insider Intel Redesign.html",
        "hashed_secret": "eadc3f93238dda49ec69d9ffa9416a74f348d9ca",
        "is_verified": false,
        "line_number": 113
      }
    ],
    "design/redesign/_ds/insider-intel-dossier-ui-29c26c75-ed6d-4479-ae0d-c60179961ab7/_ds_bundle.js": [
      {
        "type": "Hex High Entropy String",
        "filename": "design/redesign/_ds/insider-intel-dossier-ui-29c26c75-ed6d-4479-ae0d-c60179961ab7/_ds_bundle.js",
        "hashed_secret": "136fb844396a618f4cefaf74853c90bde088afa9",
        "is_verified": false,
        "line_number": 1
      },
      {
        "type": "Hex High Entropy String",
        "filename": "design/redesign/_ds/insider-intel-dossier-ui-29c26c75-ed6d-4479-ae0d-c60179961ab7/_ds_bundle.js",
        "hashed_secret": "341e62da42e0d449bc76b0446485d1dc0393ef89",
        "is_verified": false,
        "line_number": 1
      },
      {
        "type": "Hex High Entropy String",
        "filename": "design/redesign/_ds/insider-intel-dossier-ui-29c26c75-ed6d-4479-ae0d-c60179961ab7/_ds_bundle.js",
        "hashed_secret": "38358a582b9330de4dcb2d5a48bcd9fc79986115",
        "is_verified": false,
        "line_number": 1
      },
      {
        "type": "Hex High Entropy String",
        "filename": "design/redesign/_ds/insider-intel-dossier-ui-29c26c75-ed6d-4479-ae0d-c60179961ab7/_ds_bundle.js",
        "hashed_secret": "5177be2cc99cf989bac96ecc2f92b921bf4a9164",
        "is_verified": false,
        "line_number": 1
      },
      {
        "type": "Hex High Entropy String",
        "filename": "design/redesign/_ds/insider-intel-dossier-ui-29c26c75-ed6d-4479-ae0d-c60179961ab7/_ds_bundle.js",
        "hashed_secret": "523e2355d3a38cdbbe136e6ca5acd33c58b66f0a",
        "is_verified": false,
        "line_number": 1
      },
      {
        "type": "Hex High Entropy String",
        "filename": "design/redesign/_ds/insider-intel-dossier-ui-29c26c75-ed6d-4479-ae0d-c60179961ab7/_ds_bundle.js",
        "hashed_secret": "55fda221bcd29e547dc5987746aa323f084ed4ee",
        "is_verified": false,
        "line_number": 1
      },
      {
        "type": "Hex High Entropy String",
        "filename": "design/redesign/_ds/insider-intel-dossier-ui-29c26c75-ed6d-4479-ae0d-c60179961ab7/_ds_bundle.js",
        "hashed_secret": "6cabe4eb87683de8be4b3061aa80bfec3dd1fece",
        "is_verified": false,
        "line_number": 1
      },
      {
        "type": "Hex High Entropy String",
        "filename": "design/redesign/_ds/insider-intel-dossier-ui-29c26c75-ed6d-4479-ae0d-c60179961ab7/_ds_bundle.js",
        "hashed_secret": "85688ba354bdd87c2f2b5426062dde723d82812f",
        "is_verified": false,
        "line_number": 1
      },
      {
        "type": "Hex High Entropy String",
        "filename": "design/redesign/_ds/insider-intel-dossier-ui-29c26c75-ed6d-4479-ae0d-c60179961ab7/_ds_bundle.js",
        "hashed_secret": "8efb22d3fde459b80ae153b7cf9443b1518fe85c",
        "is_verified": false,
        "line_number": 1
      },
      {
        "type": "Hex High Entropy String",
        "filename": "design/redesign/_ds/insider-intel-dossier-ui-29c26c75-ed6d-4479-ae0d-c60179961ab7/_ds_bundle.js",
        "hashed_secret": "98f4b628dc364dbe52a7c9674777049fe0f45de8",
        "is_verified": false,
        "line_number": 1
      },
      {
        "type": "Hex High Entropy String",
        "filename": "design/redesign/_ds/insider-intel-dossier-ui-29c26c75-ed6d-4479-ae0d-c60179961ab7/_ds_bundle.js",
        "hashed_secret": "a1d9d90483c4ef2631a4dcb5cdbd9f8a911696df",
        "is_verified": false,
        "line_number": 1
      },
      {
        "type": "Hex High Entropy String",
        "filename": "design/redesign/_ds/insider-intel-dossier-ui-29c26c75-ed6d-4479-ae0d-c60179961ab7/_ds_bundle.js",
        "hashed_secret": "c37b2021f40ace6b7e80ef720d6bd1c94108551b",
        "is_verified": false,
        "line_number": 1
      },
      {
        "type": "Hex High Entropy String",
        "filename": "design/redesign/_ds/insider-intel-dossier-ui-29c26c75-ed6d-4479-ae0d-c60179961ab7/_ds_bundle.js",
        "hashed_secret": "c7269a7620eda4c93030d7db54a7b6865feb870a",
        "is_verified": false,
        "line_number": 1
      },
      {
        "type": "Hex High Entropy String",
        "filename": "design/redesign/_ds/insider-intel-dossier-ui-29c26c75-ed6d-4479-ae0d-c60179961ab7/_ds_bundle.js",
        "hashed_secret": "de8187fda167dd00d7c34ff590cc1160c7645b73",
        "is_verified": false,
        "line_number": 1
      }
    ],
    "scripts/deploy_cloud_run.sh": [
      {
        "type": "Secret Keyword",
        "filename": "scripts/deploy_cloud_run.sh",
        "hashed_secret": "316d3c8fd880ce3ea58e12b71d0810d3653f66b9",
        "is_verified": false,
        "line_number": 106
      }
    ],
    "shared/settings.py": [
      {
        "type": "Secret Keyword",
        "filename": "shared/settings.py",
        "hashed_secret": "8517c7be6f0aeacea5b15cd14c18642206887afb",
        "is_verified": false,
        "line_number": 373
      }
    ],
    "tests/test_llm_chain.py": [
      {
        "type": "Secret Keyword",
        "filename": "tests/test_llm_chain.py",
        "hashed_secret": "fe72967536aedcae9b1b1e4eaf2c53494e17a638",
        "is_verified": false,
        "line_number": 35
      },
      {
        "type": "Secret Keyword",
        "filename": "tests/test_llm_chain.py",
        "hashed_secret": "3f0ac05fc0e3e38bbd1e7af9dbb9630157e8f40f",
        "is_verified": false,
        "line_number": 45
      },
      {
        "type": "Secret Keyword",
        "filename": "tests/test_llm_chain.py",
        "hashed_secret": "819c5085ec3c0f0d0e46e0d68f6c80757e610244",
        "is_verified": false,
        "line_number": 64
      },
      {
        "type": "Secret Keyword",
        "filename": "tests/test_llm_chain.py",
        "hashed_secret": "2ac4669ac8b52dce29de4e3a25f2fa5086b9197d",
        "is_verified": false,
        "line_number": 75
      },
      {
        "type": "Secret Keyword",
        "filename": "tests/test_llm_chain.py",
        "hashed_secret": "e0538dbde0484e599b41a65cc6a9d443b5011520",
        "is_verified": false,
        "line_number": 89
      },
      {
        "type": "Secret Keyword",
        "filename": "tests/test_llm_chain.py",
        "hashed_secret": "02ecb94373bfb3dfe827ca18409f50b016e8302a",
        "is_verified": false,
        "line_number": 95
      }
    ]
  },
  "generated_at": "2026-08-16T10:13:16Z"
}
